#-----------------------------------------------------------
# Vivado v2015.2 (64-bit)
# SW Build 1266856 on Fri Jun 26 16:35:25 MDT 2015
# IP Build 1264090 on Wed Jun 24 14:22:01 MDT 2015
# Start of session at: Thu Sep 28 08:19:46 2017
# Process ID: 9912
# Log file: E:/Curriculum de/project_2/vivado.log
# Journal file: E:/Curriculum de/project_2\vivado.jou
#-----------------------------------------------------------
start_gui
open_project {E:/Curriculum de/project_2/project_2.xpr}
open_hw
connect_hw_server
open_hw_target [lindex [get_hw_targets -of_objects [get_hw_servers localhost]] 0]
set_property PROGRAM.FILE {E:/Curriculum de/project_2/project_2.runs/impl_1/main.bit} [lindex [get_hw_devices] 0]
current_hw_device [lindex [get_hw_devices] 0]
refresh_hw_device -update_hw_probes false [lindex [get_hw_devices] 0]
set_property PROBES.FILE {} [lindex [get_hw_devices] 0]
set_property PROGRAM.FILE {E:/Curriculum de/project_2/project_2.runs/impl_1/main.bit} [lindex [get_hw_devices] 0]
program_hw_devices [lindex [get_hw_devices] 0]
refresh_hw_device [lindex [get_hw_devices] 0]
close_hw_target
synth_design -rtl -name rtl_1
close_design
synth_design -rtl -name rtl_1
